LOGIN:tenuki OK
BEGIN Game_Summary
Protocol_Version:1.2
Protocol_Mode:Server
Format:Shogi 1.0
Declaration:Jishogi 1.1
Game_ID:WCSC36test+WCSC36_L1_31-900-5F+tenuki+hisui+20260503104235
Name+:tenuki
Name-:hisui
Your_Turn:+
Rematch_On_Draw:NO
To_Move:+
Max_Moves:320
BEGIN Time
Time_Unit:1sec
Total_Time:900
Increment:5
END Time
BEGIN Position
P1-KY-KE-GI-KI-OU-KI-GI-KE-KY
P2 * -HI *  *  *  *  * -KA * 
P3-FU-FU-FU-FU-FU-FU-FU-FU-FU
P4 *  *  *  *  *  *  *  *  * 
P5 *  *  *  *  *  *  *  *  * 
P6 *  *  *  *  *  *  *  *  * 
P7+FU+FU+FU+FU+FU+FU+FU+FU+FU
P8 * +KA *  *  *  *  * +HI * 
P9+KY+KE+GI+KI+OU+KI+GI+KE+KY
P+
P-
+
END Position
END Game_Summary
START:WCSC36test+WCSC36_L1_31-900-5F+tenuki+hisui+20260503104235
+2726FU,T0
-8384FU,T0
+2625FU,T0
-8485FU,T0
+7776FU,T0
-4132KI,T0
+8877KA,T0
-3334FU,T0
+7968GI,T0
-2244KA,T0
+2524FU,T19
-2324FU,T0
+2824HI,T17
-3122GI,T0
+6978KI,T18
-4477UM,T0
+8977KE,T17
-5142OU,T0
+3938GI,T18
-0023FU,T78
+2426HI,T27
-1314FU,T205
+6766FU,T20
-8586FU,T33
+8786FU,T17
-8286HI,T9
+0087FU,T17
-8684HI,T11
+4958KI,T29
-7374FU,T1
+6867GI,T17
-6364FU,T1
+5968OU,T18
-7162GI,T5
+3736FU,T17
-6152KI,T12
+3837GI,T21
-8173KE,T46
+3746GI,T17
-7475FU,T70
+7675FU,T17
-6465FU,T34
+6665FU,T17
-0066FU,T4
+6756GI,T20
-2233GI,T2
+0095KA,T29
-8494HI,T15
+9796FU,T17
-3344GI,T7
+2937KE,T17
-9454HI,T19
+0024FU,T17
-2324FU,T20
+2624HI,T17
-0023FU,T1
+2428HI,T26
-9394FU,T1
+9586KA,T17
-5484HI,T6
+0024FU,T41
-2324FU,T20
+2824HI,T17
-0023FU,T6
+2428HI,T17
-1415FU,T13
+6859OU,T23
-4231OU,T1
+2829HI,T30
-6263GI,T14
+5948OU,T17
-6354GI,T11
+5868KI,T17
-3122OU,T1
+0024FU,T32
-2324FU,T14
+2924HI,T17
-3223KI,T13
+2429HI,T17
-0024FU,T9
+7574FU,T17
-8474HI,T21
+0075FU,T17
-7484HI,T75
+7574FU,T17
-8474HI,T214
+0076FU,T17
-7476HI,T17
+8664KA,T17
-5263KI,T18
+6497KA,T18
-3435FU,T8
+6564FU,T17
-6362KI,T13
+6463TO,T22
-6263KI,T7
+0025FU,T23
-2425FU,T9
+3725KE,T19
-3536FU,T5
+0024FU,T30
-2324KI,T10
+1716FU,T17
-0028FU,T19
+2928HI,T17
-0037KA,T13
+4637GI,T17
-3637TO,T1
+4837OU,T17
-0036FU,T1
+3736OU,T17
-4435GI,T33
+3637OU,T18
-0036FU,T1
+3748OU,T17
-0037GI,T1
+4858OU,T17
-3728GI,T1
+0064FU,T20
-0038HI,T38
+5869OU,T17
-3839RY,T1
+6958OU,T17
-3637TO,T14
+0023FU,T17
-2223OU,T1
+0041KA,T17
-2312OU,T0
+4123UM,T26
-2423KI,T0
+2513NK,T17
-1213OU,T0
+6867KI,T17
-3748TO,T0
+5868OU,T17
-3959RY,T0
%TORYO
T0
#RESIGN
#LOSE
