LOGIN:tenuki OK
BEGIN Game_Summary
Protocol_Version:1.2
Protocol_Mode:Server
Format:Shogi 1.0
Declaration:Jishogi 1.1
Game_ID:WCSC36test+WCSC36_L3_31-900-5F+MattariYuuchan+tenuki+20260503121427
Name+:MattariYuuchan
Name-:tenuki
Your_Turn:-
Rematch_On_Draw:NO
To_Move:+
Max_Moves:320
BEGIN Time
Time_Unit:1sec
Total_Time:900
Increment:5
END Time
BEGIN Position
P1-KY-KE-GI-KI-OU-KI-GI-KE-KY
P2 * -HI *  *  *  *  * -KA * 
P3-FU-FU-FU-FU-FU-FU-FU-FU-FU
P4 *  *  *  *  *  *  *  *  * 
P5 *  *  *  *  *  *  *  *  * 
P6 *  *  *  *  *  *  *  *  * 
P7+FU+FU+FU+FU+FU+FU+FU+FU+FU
P8 * +KA *  *  *  *  * +HI * 
P9+KY+KE+GI+KI+OU+KI+GI+KE+KY
P+
P-
+
END Position
END Game_Summary
START:WCSC36test+WCSC36_L3_31-900-5F+MattariYuuchan+tenuki+20260503121427
+7776FU,T0
-8384FU,T0
+2726FU,T0
-3334FU,T0
+1716FU,T0
-8485FU,T0
+2625FU,T0
-8586FU,T0
+8786FU,T28
-8286HI,T0
+8822UM,T25
-3122GI,T17
+0088FU,T18
-8682HI,T17
+3948GI,T19
-2233GI,T17
+4958KI,T14
-7172GI,T17
+5968OU,T48
-7283GI,T17
+7978GI,T40
-8374GI,T17
+6879OU,T48
-7465GI,T17
+7675FU,T39
-0044KA,T18
+8977KE,T57
-6576GI,T17
+5868KI,T48
-0087FU,T26
+8887FU,T18
-7687NG,T17
+7887GI,T23
-8287RY,T17
+6978KI,T25
-8784RY,T18
+4859GI,T19
-0076GI,T17
+5958GI,T22
-8486RY,T29
+0066GI,T43
-0088FU,T41
+7888KI,T21
-4466KA,T17
+6766FU,T57
-0087GI,T17
+8887KI,T36
-7687NG,T17
+0078GI,T65
-8788NG,T17
+7969OU,T16
-0079KI,T17
+6959OU,T27
-8878NG,T17
+6878KI,T36
-7978KI,T17
+5948OU,T37
-7877KI,T31
+4839OU,T59
-8689RY,T19
+5849GI,T27
-0059KI,T17
+0038GI,T37
-0058GI,T18
+2826HI,T12
-5949KI,T17
+3849GI,T27
-8949RY,T33
+3928OU,T5
-0014KE,T27
+2627HI,T18
-0038GI,T17
+0062KI,T8
-5162OU,T26
+0071KA,T10
-6171KI,T17
+2726HI,T0
-0039KA,T17
+2818OU,T0
-1426KE,T17
%TORYO
T0
#RESIGN
#WIN
