LOGIN:tenuki OK
BEGIN Game_Summary
Protocol_Version:1.2
Protocol_Mode:Server
Format:Shogi 1.0
Declaration:Jishogi 1.1
Game_ID:WCSC36test+WCSC36_L5_31_2-900-5F+jhbr+tenuki+20260503145750
Name+:jhbr
Name-:tenuki
Your_Turn:-
Rematch_On_Draw:NO
To_Move:+
Max_Moves:320
BEGIN Time
Time_Unit:1sec
Total_Time:900
Increment:5
END Time
BEGIN Position
P1-KY-KE-GI-KI-OU-KI-GI-KE-KY
P2 * -HI *  *  *  *  * -KA * 
P3-FU-FU-FU-FU-FU-FU-FU-FU-FU
P4 *  *  *  *  *  *  *  *  * 
P5 *  *  *  *  *  *  *  *  * 
P6 *  *  *  *  *  *  *  *  * 
P7+FU+FU+FU+FU+FU+FU+FU+FU+FU
P8 * +KA *  *  *  *  * +HI * 
P9+KY+KE+GI+KI+OU+KI+GI+KE+KY
P+
P-
+
END Position
END Game_Summary
START:WCSC36test+WCSC36_L5_31_2-900-5F+jhbr+tenuki+20260503145750
+2726FU,T0
-3334FU,T0
+7776FU,T0
-8242HI,T0
+2625FU,T0
-2288UM,T0
+7988GI,T0
-3122GI,T0
+4958KI,T0
-2233GI,T17
+9796FU,T9
-9394FU,T17
+5968OU,T9
-5162OU,T20
+3948GI,T0
-6272OU,T17
+6878OU,T0
-7282OU,T26
+4746FU,T0
-7172GI,T17
+4847GI,T0
-4344FU,T25
+4756GI,T0
-4222HI,T17
+5868KI,T9
-4152KI,T30
+8877GI,T9
-2324FU,T18
+2524FU,T9
-3324GI,T17
+4645FU,T9
-4445FU,T17
+0066KA,T9
-0033KA,T18
+0044FU,T9
-4546FU,T17
+3736FU,T9
-2425GI,T17
+3635FU,T9
-3435FU,T17
+2937KE,T9
-0027FU,T17
+2827HI,T9
-2526GI,T17
+2729HI,T9
-0028FU,T17
+0034FU,T9
-2637NG,T33
+3433TO,T9
-2133KE,T17
+2949HI,T9
-4647TO,T17
+0016KA,T9
-0074KE,T28
+6655KA,T9
-0048FU,T17
+4939HI,T10
-5354FU,T25
+5537KA,T10
-2829TO,T18
+4443TO,T10
-5262KI,T17
+4333TO,T10
-2939TO,T17
+3322TO,T10
-4737TO,T17
+7675FU,T10
-7486KE,T17
+8786FU,T10
-4849TO,T17
+0066KE,T9
-3748TO,T20
+0074KE,T10
-7374FU,T17
+6674KE,T10
-8293OU,T17
+0082GI,T10
-9392OU,T17
+1661UM,T9
-6261KI,T17
+0093HI,T9
-8193KE,T17
+8291NG,T9
-9291OU,T17
+0082KI,T9
%TORYO
T0
#RESIGN
#LOSE
