LOGIN:tenuki OK
BEGIN Game_Summary
Protocol_Version:1.2
Protocol_Mode:Server
Format:Shogi 1.0
Declaration:Jishogi 1.1
Game_ID:WCSC36test+WCSC36_L2_31-900-5F+Gokaku+tenuki+20260503113023
Name+:Gokaku
Name-:tenuki
Your_Turn:-
Rematch_On_Draw:NO
To_Move:+
Max_Moves:320
BEGIN Time
Time_Unit:1sec
Total_Time:900
Increment:5
END Time
BEGIN Position
P1-KY-KE-GI-KI-OU-KI-GI-KE-KY
P2 * -HI *  *  *  *  * -KA * 
P3-FU-FU-FU-FU-FU-FU-FU-FU-FU
P4 *  *  *  *  *  *  *  *  * 
P5 *  *  *  *  *  *  *  *  * 
P6 *  *  *  *  *  *  *  *  * 
P7+FU+FU+FU+FU+FU+FU+FU+FU+FU
P8 * +KA *  *  *  *  * +HI * 
P9+KY+KE+GI+KI+OU+KI+GI+KE+KY
P+
P-
+
END Position
END Game_Summary
START:WCSC36test+WCSC36_L2_31-900-5F+Gokaku+tenuki+20260503113023
+2726FU,T7
-3334FU,T0
+7776FU,T30
-8242HI,T0
+9796FU,T13
-9394FU,T0
+2625FU,T8
-2288UM,T0
+7988GI,T10
-3122GI,T0
+4746FU,T8
-4132KI,T27
+6968KI,T12
-0055KA,T26
+8877GI,T15
-5546KA,T17
+3948GI,T2
-7374FU,T25
+7766GI,T0
-2233GI,T17
+4847GI,T1
-4682KA,T29
+5756FU,T0
-5162OU,T17
+5655FU,T16
-7172GI,T17
+4756GI,T15
-6364FU,T17
+5969OU,T14
-7263GI,T17
+4958KI,T10
-6272OU,T21
+5857KI,T16
-3344GI,T20
+7675FU,T10
-7475FU,T17
+0018KA,T3
-6162KI,T22
+6675GI,T21
-5354FU,T17
+5554FU,T22
-0055FU,T17
+5647GI,T0
-2133KE,T19
+7574GI,T18
-8293KA,T18
+0046FU,T12
-4241HI,T27
+5453TO,T27
-4453GI,T17
+7463GI,T10
-6263KI,T17
+0052GI,T5
-5362GI,T17
+5241NG,T22
-0056GI,T19
+6766FU,T23
-5657NG,T17
+6857KI,T30
-4344FU,T33
+0053FU,T30
-0042KI,T18
+4142NG,T25
-3242KI,T17
+5352TO,T15
-4252KI,T17
+0031HI,T13
-5251KI,T20
+3133RY,T30
-0056GI,T17
+4756GI,T30
-5556FU,T17
+3363RY,T19
-6263GI,T17
+1863UM,T16
-7263OU,T17
+0055KE,T15
-6372OU,T31
+0063GI,T16
-7282OU,T17
+0073KI,T16
-8273OU,T18
+0074GI,T19
-7382OU,T17
+7483NG,T14
-8283OU,T17
+0074GI,T14
-8382OU,T17
+0083KI,T19
-8271OU,T17
+6372NG,T7
%TORYO
T0
#RESIGN
#LOSE
