LOGIN:tenuki OK
BEGIN Game_Summary
Protocol_Version:1.2
Protocol_Mode:Server
Format:Shogi 1.0
Declaration:Jishogi 1.1
Game_ID:WCSC36test+WCSC36_L8_31-900-5F+tenuki+GABEL+20260503180033
Name+:tenuki
Name-:GABEL
Your_Turn:+
Rematch_On_Draw:NO
To_Move:+
Max_Moves:320
BEGIN Time
Time_Unit:1sec
Total_Time:900
Increment:5
END Time
BEGIN Position
P1-KY-KE-GI-KI-OU-KI-GI-KE-KY
P2 * -HI *  *  *  *  * -KA * 
P3-FU-FU-FU-FU-FU-FU-FU-FU-FU
P4 *  *  *  *  *  *  *  *  * 
P5 *  *  *  *  *  *  *  *  * 
P6 *  *  *  *  *  *  *  *  * 
P7+FU+FU+FU+FU+FU+FU+FU+FU+FU
P8 * +KA *  *  *  *  * +HI * 
P9+KY+KE+GI+KI+OU+KI+GI+KE+KY
P+
P-
+
END Position
END Game_Summary
START:WCSC36test+WCSC36_L8_31-900-5F+tenuki+GABEL+20260503180033
+7776FU,T0
-8384FU,T3
+2726FU,T0
-4132KI,T4
+6978KI,T0
-8485FU,T4
+8877KA,T0
-3334FU,T4
+7988GI,T0
-4344FU,T5
+2625FU,T17
-2233KA,T7
+5756FU,T17
-3142GI,T8
+7768KA,T17
-4243GI,T9
+3948GI,T17
-7162GI,T8
+3736FU,T17
-7374FU,T8
+8877GI,T18
-8173KE,T43
+5969OU,T17
-6152KI,T40
+4958KI,T17
-5141OU,T40
+4837GI,T30
-5354FU,T37
+6766FU,T30
-6364FU,T37
+6979OU,T30
-6465FU,T36
+6665FU,T17
-7365KE,T33
+7766GI,T17
-6273GI,T33
+3635FU,T17
-3435FU,T32
+5867KI,T17
-7364GI,T30
+3726GI,T46
-3536FU,T30
+2524FU,T21
-3324KA,T28
+2635GI,T17
-8586FU,T27
+8786FU,T19
-3637TO,T26
+2937KE,T17
-0036FU,T26
+3524GI,T17
-3637TO,T25
+0033FU,T19
-2133KE,T25
+6846KA,T17
-3728TO,T23
+4664KA,T17
-8262HI,T22
+0073KA,T17
-2324FU,T22
+7362UM,T17
-5262KI,T21
+0053GI,T24
-6253KI,T21
+6453UM,T17
-0042GI,T20
+0081HI,T18
-0051KE,T20
+5363UM,T23
-0052GI,T20
+6374UM,T32
-0087FU,T18
+7465UM,T17
-0039HI,T19
+0069FU,T17
-2819TO,T17
+0064KE,T17
-0062KY,T18
+0034FU,T17
-3934RY,T17
+8191RY,T19
-3438RY,T17
+6452NK,T22
-4352GI,T14
+0068KY,T20
-6265KY,T12
+6665GI,T17
-0066FU,T12
+6766KI,T17
-0058KA,T12
+0067GI,T17
-5869UM,T1
+7969OU,T17
-3849RY,T0
+0059KY,T17
-0057KE,T0
+6979OU,T17
-4959RY,T0
+0069FU,T17
-5969RY,T1
%TORYO
T0
#RESIGN
#LOSE
