LOGIN:tenuki OK
BEGIN Game_Summary
Protocol_Version:1.2
Protocol_Mode:Server
Format:Shogi 1.0
Declaration:Jishogi 1.1
Game_ID:WCSC36test+WCSC36_L6_31-900-5F+komaasobi+tenuki+20260503154933
Name+:komaasobi
Name-:tenuki
Your_Turn:-
Rematch_On_Draw:NO
To_Move:+
Max_Moves:320
BEGIN Time
Time_Unit:1sec
Total_Time:900
Increment:5
END Time
BEGIN Position
P1-KY-KE-GI-KI-OU-KI-GI-KE-KY
P2 * -HI *  *  *  *  * -KA * 
P3-FU-FU-FU-FU-FU-FU-FU-FU-FU
P4 *  *  *  *  *  *  *  *  * 
P5 *  *  *  *  *  *  *  *  * 
P6 *  *  *  *  *  *  *  *  * 
P7+FU+FU+FU+FU+FU+FU+FU+FU+FU
P8 * +KA *  *  *  *  * +HI * 
P9+KY+KE+GI+KI+OU+KI+GI+KE+KY
P+
P-
+
END Position
END Game_Summary
START:WCSC36test+WCSC36_L6_31-900-5F+komaasobi+tenuki+20260503154933
+6766FU,T0
-8384FU,T0
+7776FU,T0
-7162GI,T0
+8877KA,T0
-3334FU,T17
+2888HI,T0
-5142OU,T0
+5948OU,T0
-1314FU,T17
+4838OU,T0
-1415FU,T17
+3828OU,T0
-5354FU,T17
+6958KI,T0
-4232OU,T19
+3938GI,T0
-6152KI,T17
+7968GI,T0
-6253GI,T17
+6867GI,T0
-2233KA,T17
+4746FU,T0
-3222OU,T17
+5756FU,T0
-7374FU,T27
+5847KI,T0
-4344FU,T17
+9998KY,T0
-4132KI,T17
+6665FU,T0
-8173KE,T18
+6766GI,T0
-7385KE,T24
+7768KA,T0
-4445FU,T18
+6857KA,T0
-4546FU,T18
+4746KI,T0
-6364FU,T17
+6564FU,T0
-0065FU,T17
+6463TO,T0
-5263KI,T17
+0064FU,T0
-5364GI,T24
+8786FU,T0
-3366KA,T17
+5766KA,T0
-6566FU,T17
+8685FU,T2
-6667TO,T27
+8848HI,T1
-0057GI,T33
+4847HI,T0
-6758TO,T17
+0044KA,T0
-3233KI,T18
+4471UM,T0
-8242HI,T17
+0045KE,T0
-3332KI,T26
+7181UM,T0
-5746NG,T27
+4746HI,T1
-5849TO,T17
+3849GI,T2
-0024KA,T36
+4533NK,T0
-2133KE,T35
+4642RY,T0
-3242KI,T17
+8163UM,T6
-0088HI,T21
+0048HI,T0
-8848RY,T17
+4948GI,T0
-0068HI,T22
+0059GI,T4
-0047FU,T17
+6354UM,T1
-0038KI,T17
+2838OU,T0
-4748TO,T17
%TORYO
T0
#RESIGN
#WIN
