LOGIN:tenuki OK
BEGIN Game_Summary
Protocol_Version:1.2
Protocol_Mode:Server
Format:Shogi 1.0
Declaration:Jishogi 1.1
Game_ID:WCSC36test+WCSC36_L7_31-900-5F+tenuki+nebula+20260503165422
Name+:tenuki
Name-:nebula
Your_Turn:+
Rematch_On_Draw:NO
To_Move:+
Max_Moves:320
BEGIN Time
Time_Unit:1sec
Total_Time:900
Increment:5
END Time
BEGIN Position
P1-KY-KE-GI-KI-OU-KI-GI-KE-KY
P2 * -HI *  *  *  *  * -KA * 
P3-FU-FU-FU-FU-FU-FU-FU-FU-FU
P4 *  *  *  *  *  *  *  *  * 
P5 *  *  *  *  *  *  *  *  * 
P6 *  *  *  *  *  *  *  *  * 
P7+FU+FU+FU+FU+FU+FU+FU+FU+FU
P8 * +KA *  *  *  *  * +HI * 
P9+KY+KE+GI+KI+OU+KI+GI+KE+KY
P+
P-
+
END Position
END Game_Summary
START:WCSC36test+WCSC36_L7_31-900-5F+tenuki+nebula+20260503165422
+2726FU,T0
-8384FU,T0
+2625FU,T0
-8485FU,T0
+6978KI,T0
-4132KI,T0
+2524FU,T0
-2324FU,T0
+2824HI,T0
-0023FU,T0
+2428HI,T0
-7172GI,T0
+9796FU,T23
-6364FU,T36
+3938GI,T40
-3334FU,T8
+3827GI,T33
-8586FU,T1
+8786FU,T17
-8286HI,T0
+0087FU,T17
-8682HI,T20
+2736GI,T23
-3142GI,T0
+3625GI,T18
-4233GI,T0
+7968GI,T21
-7263GI,T0
+5969OU,T32
-7374FU,T10
+7776FU,T17
-9394FU,T65
+4958KI,T21
-8173KE,T3
+5756FU,T19
-8281HI,T2
+0024FU,T36
-2324FU,T0
+2524GI,T17
-3324GI,T2
+2824HI,T17
-0023FU,T6
+8822UM,T31
-3222KI,T6
+2434HI,T17
-0033FU,T61
+3436HI,T18
-5142OU,T58
+5655FU,T32
-6172KI,T54
+0045KA,T17
-4252OU,T51
+3626HI,T27
-0034GI,T48
+4518KA,T22
-3435GI,T2
+2627HI,T22
-3334FU,T45
+7675FU,T17
-5262OU,T42
+7574FU,T17
-6374GI,T0
+2725HI,T24
-2133KE,T12
+1872UM,T17
-6272OU,T0
+5554FU,T21
-3325KE,T11
+5453TO,T17
-0057FU,T33
+5857KI,T17
-0049HI,T18
+0059FU,T17
-7365KE,T15
+0075FU,T17
-6557KE,T15
+6857GI,T17
-3546GI,T36
+7574FU,T17
-0058KA,T34
+6979OU,T17
-4959RY,T32
+7988OU,T17
-8187RY,T30
+7887KI,T17
-0079KA,T28
+8898OU,T17
-0088KI,T27
+8788KI,T17
-7988UM,T25
+9888OU,T17
-5989RY,T24
+8889OU,T17
-0088FU,T23
+8998OU,T27
-0086KE,T21
+9897OU,T17
-0087KI,T20
+9787OU,T17
-5869UM,T19
+8776OU,T17
-6987UM,T18
+7687OU,T17
-2517NK,T18
+0073KI,T17
-7281OU,T17
+0082KI,T17
%TORYO
T0
#RESIGN
#WIN
