LOGIN:tenuki OK
BEGIN Game_Summary
Protocol_Version:1.2
Protocol_Mode:Server
Format:Shogi 1.0
Declaration:Jishogi 1.1
Game_ID:WCSC35+L6_24-900-5F+gakkari+tenuki+20250503153535
Name+:gakkari
Name-:tenuki
Your_Turn:-
Rematch_On_Draw:NO
To_Move:+
Max_Moves:320
BEGIN Time
Time_Unit:1sec
Total_Time:900
Increment:5
END Time
BEGIN Position
P1-KY-KE-GI-KI-OU-KI-GI-KE-KY
P2 * -HI *  *  *  *  * -KA * 
P3-FU-FU-FU-FU-FU-FU-FU-FU-FU
P4 *  *  *  *  *  *  *  *  * 
P5 *  *  *  *  *  *  *  *  * 
P6 *  *  *  *  *  *  *  *  * 
P7+FU+FU+FU+FU+FU+FU+FU+FU+FU
P8 * +KA *  *  *  *  * +HI * 
P9+KY+KE+GI+KI+OU+KI+GI+KE+KY
P+
P-
+
END Position
END Game_Summary
START:WCSC35+L6_24-900-5F+gakkari+tenuki+20250503153535
+2726FU,T0
-8384FU,T0
+7776FU,T0
-3334FU,T0
+2625FU,T45
-8485FU,T0
+2524FU,T45
-2324FU,T0
+2824HI,T45
-4132KI,T0
+6978KI,T35
-8586FU,T0
+8786FU,T45
-8286HI,T0
+2434HI,T45
-2288UM,T0
+7988GI,T35
-0028FU,T0
+3928GI,T45
-0045KA,T0
+0087FU,T45
-8676HI,T0
+0077FU,T29
-7666HI,T0
+5968OU,T40
-4534KA,T0
+6766FU,T40
-0027FU,T0
+2827GI,T39
-0028FU,T0
+0026HI,T40
-2133KE,T15
+2738GI,T35
-2829TO,T15
+2629HI,T25
-3345KE,T21
+0048KA,T35
-5162OU,T15
+2921RY,T35
-0023HI,T15
+2111RY,T35
-2328RY,T17
+0035KY,T27
-0026KE,T28
+0029FU,T34
-2838RY,T26
+4938KI,T9
-2638NK,T15
+3534KY,T20
-3848NK,T15
+6879OU,T20
-4858NK,T16
+7868KI,T35
-4557NK,T15
+6858KI,T19
-5758NK,T15
+0054KE,T20
-5354FU,T15
+0026KA,T10
-6272OU,T15
+2671UM,T31
-7271OU,T15
+0069HI,T8
-0057KA,T15
+0068GI,T24
-0067GI,T15
+6857GI,T28
-0078KI,T15
%TORYO
T0
#RESIGN
#WIN
