LOGIN:tenuki OK
BEGIN Game_Summary
Protocol_Version:1.2
Protocol_Mode:Server
Format:Shogi 1.0
Declaration:Jishogi 1.1
Game_ID:WCSC35+L3_24-900-5F+etude+tenuki+20250503121557
Name+:etude
Name-:tenuki
Your_Turn:-
Rematch_On_Draw:NO
To_Move:+
Max_Moves:320
BEGIN Time
Time_Unit:1sec
Total_Time:900
Increment:5
END Time
BEGIN Position
P1-KY-KE-GI-KI-OU-KI-GI-KE-KY
P2 * -HI *  *  *  *  * -KA * 
P3-FU-FU-FU-FU-FU-FU-FU-FU-FU
P4 *  *  *  *  *  *  *  *  * 
P5 *  *  *  *  *  *  *  *  * 
P6 *  *  *  *  *  *  *  *  * 
P7+FU+FU+FU+FU+FU+FU+FU+FU+FU
P8 * +KA *  *  *  *  * +HI * 
P9+KY+KE+GI+KI+OU+KI+GI+KE+KY
P+
P-
+
END Position
END Game_Summary
START:WCSC35+L3_24-900-5F+etude+tenuki+20250503121557
+7776FU,T0
-3334FU,T0
+2726FU,T0
-8384FU,T0
+2625FU,T0
-8485FU,T0
+6978KI,T0
-4132KI,T0
+2524FU,T0
-2324FU,T0
+2824HI,T0
-8586FU,T0
+8786FU,T0
-8286HI,T0
+2434HI,T0
-2288UM,T0
+7988GI,T0
-0028FU,T0
+3928GI,T0
-0045KA,T0
+3424HI,T0
-0023FU,T0
+0077KA,T0
-8688RY,T0
+7888KI,T50
-2324FU,T0
+5958OU,T18
-0079HI,T15
+4959KI,T95
-0078GI,T15
+5848OU,T67
-7867NG,T15
+0069FU,T186
-6777NG,T15
+8877KI,T22
-7989RY,T15
+0082FU,T38
-7182GI,T20
+5968KI,T37
-0079KA,T23
+7767KI,T31
-0055KE,T15
+0083FU,T26
-5567NK,T15
+3736FU,T21
-7968UM,T15
+4837OU,T205
-6859UM,T15
+3727OU,T137
-5949UM,T16
+2718OU,T7
-8978RY,T16
+6968FU,T8
-0038KI,T33
+2837GI,T6
-4536KA,T26
+0027FU,T5
-0028KI,T28
+3728GI,T5
-3828KI,T15
+1828OU,T31
-3627UM,T15
%TORYO
T0
#RESIGN
#WIN
