LOGIN:tenuki OK
BEGIN Game_Summary
Protocol_Version:1.2
Protocol_Mode:Server
Format:Shogi 1.0
Declaration:Jishogi 1.1
Game_ID:WCSC35+L5_24-900-5F+nigonana+tenuki+20250503143543
Name+:nigonana
Name-:tenuki
Your_Turn:-
Rematch_On_Draw:NO
To_Move:+
Max_Moves:320
BEGIN Time
Time_Unit:1sec
Total_Time:900
Increment:5
END Time
BEGIN Position
P1-KY-KE-GI-KI-OU-KI-GI-KE-KY
P2 * -HI *  *  *  *  * -KA * 
P3-FU-FU-FU-FU-FU-FU-FU-FU-FU
P4 *  *  *  *  *  *  *  *  * 
P5 *  *  *  *  *  *  *  *  * 
P6 *  *  *  *  *  *  *  *  * 
P7+FU+FU+FU+FU+FU+FU+FU+FU+FU
P8 * +KA *  *  *  *  * +HI * 
P9+KY+KE+GI+KI+OU+KI+GI+KE+KY
P+
P-
+
END Position
END Game_Summary
START:WCSC35+L5_24-900-5F+nigonana+tenuki+20250503143543
+2726FU,T13
-3334FU,T0
+2625FU,T20
-2233KA,T0
+7776FU,T25
-4344FU,T0
+9796FU,T27
-9394FU,T0
+6978KI,T26
-3142GI,T15
+3948GI,T27
-4132KI,T15
+7968GI,T29
-6152KI,T24
+5969OU,T22
-8384FU,T15
+3736FU,T21
-4243GI,T15
+4837GI,T8
-7162GI,T26
+8877KA,T55
-5354FU,T15
+6979OU,T29
-7374FU,T30
+3635FU,T40
-8485FU,T21
+3534FU,T4
-4334GI,T15
+3726GI,T70
-3342KA,T28
+7744KA,T23
-4264KA,T15
+4746FU,T67
-6446KA,T35
+2848HI,T19
-4619UM,T15
+4411UM,T3
-1929UM,T15
+1121UM,T21
-0047FU,T15
+4858HI,T4
-3243KI,T17
+0046KY,T3
-4353KI,T17
+0044KE,T21
-5344KI,T15
+4644KY,T19
-5161OU,T15
+0043FU,T21
-8586FU,T15
+8786FU,T16
-4748TO,T25
+5848HI,T17
-0047FU,T18
+4858HI,T16
-0041KY,T16
+0033KI,T18
-0046KE,T16
+5859HI,T3
-6253GI,T21
+2132UM,T22
-4638NK,T27
+3241UM,T3
-3849NK,T15
+5949HI,T3
-2938UM,T15
+0085KY,T3
-0084KE,T15
+4342TO,T3
-5342GI,T18
+4442NY,T16
-5262KI,T15
+8584KY,T2
-8284HI,T15
+4151UM,T3
-6172OU,T15
+4252NY,T23
-6273KI,T15
+0085KE,T3
-3849UM,T15
+5162UM,T51
-7282OU,T15
+8573NK,T13
-8173KE,T15
+0072KI,T46
-8292OU,T24
+6273UM,T4
-0066KE,T27
+6766FU,T13
-0039HI,T21
+7384UM,T14
-4976UM,T26
+0059KE,T15
-3959RY,T15
+6859GI,T10
-0067KE,T15
+7867KI,T11
-0078KY,T25
+7978OU,T10
-0088KI,T16
+7888OU,T12
-7666UM,T16
+6766KI,T11
-0087FU,T15
+8887OU,T31
-0037FU,T15
+0082HI,T0
%TORYO
T0
#RESIGN
#LOSE
