LOGIN:tenuki OK
BEGIN Game_Summary
Protocol_Version:1.2
Protocol_Mode:Server
Format:Shogi 1.0
Declaration:Jishogi 1.1
Game_ID:WCSC35+L2_24-900-5F+tenuki+bakuretsu+20250503112524
Name+:tenuki
Name-:bakuretsu
Your_Turn:+
Rematch_On_Draw:NO
To_Move:+
Max_Moves:320
BEGIN Time
Time_Unit:1sec
Total_Time:900
Increment:5
END Time
BEGIN Position
P1-KY-KE-GI-KI-OU-KI-GI-KE-KY
P2 * -HI *  *  *  *  * -KA * 
P3-FU-FU-FU-FU-FU-FU-FU-FU-FU
P4 *  *  *  *  *  *  *  *  * 
P5 *  *  *  *  *  *  *  *  * 
P6 *  *  *  *  *  *  *  *  * 
P7+FU+FU+FU+FU+FU+FU+FU+FU+FU
P8 * +KA *  *  *  *  * +HI * 
P9+KY+KE+GI+KI+OU+KI+GI+KE+KY
P+
P-
+
END Position
END Game_Summary
START:WCSC35+L2_24-900-5F+tenuki+bakuretsu+20250503112524
+2726FU,T0
-3132GI,T0
+7776FU,T15
-8272HI,T0
+2625FU,T15
-7262HI,T0
+3948GI,T15
-4131KI,T0
+2524FU,T15
-2324FU,T0
+2824HI,T15
-0023FU,T0
+2428HI,T15
-9394FU,T1
+9796FU,T31
-3334FU,T2
+8822UM,T28
-3122KI,T3
+6978KI,T15
-0033KA,T6
+7988GI,T15
-6152KI,T7
+4746FU,T34
-2324FU,T11
+5968OU,T16
-2223KI,T4
+4847GI,T15
-6282HI,T4
+8877GI,T15
-8384FU,T1
+2848HI,T20
-1314FU,T1
+4645FU,T23
-8485FU,T8
+4746GI,T15
-8284HI,T7
+3736FU,T15
-5162OU,T12
+4958KI,T20
-2322KI,T6
+6879OU,T19
-3223GI,T8
+5756FU,T17
-2232KI,T6
+5655FU,T15
-8482HI,T9
+2937KE,T26
-2113KE,T6
+5847KI,T19
-1325KE,T3
+6766FU,T24
-2537NK,T6
+4737KI,T15
-9495FU,T57
+9695FU,T15
-0074KE,T54
+0059KA,T22
-8586FU,T9
+8786FU,T15
-6261OU,T10
+7675FU,T15
-7466KE,T10
+7766GI,T15
-0085FU,T57
+8685FU,T15
-8285HI,T10
+0086FU,T15
-8583HI,T8
+3747KI,T16
-0085FU,T12
+8685FU,T15
-8385HI,T6
+0086FU,T15
-8582HI,T5
+6677GI,T15
-0085FU,T12
+8685FU,T15
-8285HI,T5
+7776GI,T43
-8584HI,T4
+0085FU,T15
-8482HI,T6
+7988OU,T15
-0084FU,T20
+8584FU,T15
-8284HI,T7
+0085FU,T23
-8483HI,T7
+8887OU,T20
-0084FU,T4
+8584FU,T15
-8384HI,T1
+0085FU,T15
-8482HI,T3
+9594FU,T18
-0084FU,T69
+8584FU,T15
-8284HI,T13
+0085FU,T15
-8482HI,T5
+3635FU,T15
-3435FU,T12
+5977KA,T15
-0084FU,T9
+4544FU,T19
-8485FU,T10
+9493TO,T15
-8586FU,T2
+7786KA,T15
-9193KY,T8
+0094FU,T15
-8286HI,T10
+8786OU,T15
-0059KA,T122
+0068FU,T17
-5948UM,T32
+4748KI,T15
-0059HI,T77
+0083KA,T15
-7172GI,T9
+8372UM,T15
-6172OU,T26
+9493TO,T35
-5989RY,T61
+0087GI,T19
-8193KE,T99
+9993NY,T15
-0069KA,T237
+0084KE,T18
-7262OU,T5
+0079KY,T25
-3344KA,T5
+0056KE,T15
-4433KA,T5
+0045KE,T15
-3322KA,T5
+0033FU,T15
-3233KI,T5
+5554FU,T25
-5354FU,T5
+0082HI,T7
-6251OU,T5
+0053FU,T5
-5262KI,T5
+8262RY,T5
-5162OU,T1
+0052KI,T5
-6271OU,T2
+4533NK,T5
-0094KE,T7
+9394NY,T5
-8987RY,T2
+7687GI,T5
-0085FU,T4
+8676OU,T5
-0065GI,T12
+7665OU,T5
-0066HI,T2
+6566OU,T5
-2233KA,T1
+6676OU,T5
-3377UM,T1
+7877KI,T5
-6987KA,T1
+7687OU,T5
-8586FU,T12
+7786KI,T5
-0098GI,T4
+8798OU,T5
-0097FU,T0
+9887OU,T5
-0095KE,T0
+8796OU,T5
-7181OU,T0
+9493NY,T5
-9587KE,T0
+0082GI,T5
%TORYO
T0
#RESIGN
#WIN
