LOGIN:tenuki OK
BEGIN Game_Summary
Protocol_Version:1.2
Protocol_Mode:Server
Format:Shogi 1.0
Declaration:Jishogi 1.1
Game_ID:WCSC35+L1_24-900-5F+tenuki+mofu+20250503104055
Name+:tenuki
Name-:mofu
Your_Turn:+
Rematch_On_Draw:NO
To_Move:+
Max_Moves:320
BEGIN Time
Time_Unit:1sec
Total_Time:900
Increment:5
END Time
BEGIN Position
P1-KY-KE-GI-KI-OU-KI-GI-KE-KY
P2 * -HI *  *  *  *  * -KA * 
P3-FU-FU-FU-FU-FU-FU-FU-FU-FU
P4 *  *  *  *  *  *  *  *  * 
P5 *  *  *  *  *  *  *  *  * 
P6 *  *  *  *  *  *  *  *  * 
P7+FU+FU+FU+FU+FU+FU+FU+FU+FU
P8 * +KA *  *  *  *  * +HI * 
P9+KY+KE+GI+KI+OU+KI+GI+KE+KY
P+
P-
+
END Position
END Game_Summary
START:WCSC35+L1_24-900-5F+tenuki+mofu+20250503104055
+2726FU,T0
-8384FU,T9
+2625FU,T0
-8485FU,T9
+6978KI,T0
-1314FU,T9
+1716FU,T0
-4132KI,T9
+3938GI,T0
-7172GI,T9
+9796FU,T0
-9394FU,T9
+2524FU,T0
-2324FU,T9
+2824HI,T0
-0023FU,T9
+2428HI,T0
-5152OU,T9
+5958OU,T25
-3334FU,T9
+0024FU,T27
-2324FU,T9
+2824HI,T15
-8586FU,T9
+8786FU,T15
-8286HI,T9
+0087FU,T16
-8684HI,T9
+7776FU,T23
-8474HI,T9
+2426HI,T15
-2133KE,T9
+7968GI,T27
-3435FU,T9
+0023FU,T15
-2213KA,T9
+1615FU,T15
-1415FU,T9
+8877KA,T20
-0025FU,T9
+2656HI,T26
-7424HI,T9
+7733UM,T30
-3233KI,T9
+0045KE,T15
-3142GI,T9
+4533NK,T15
-4233GI,T9
+8977KE,T28
-2526FU,T9
+7765KE,T15
-0041KE,T9
+0017KI,T29
-0034KA,T9
+5646HI,T29
-6364FU,T9
+6553KE,T23
-4153KE,T9
+0014FU,T15
-1331KA,T9
+7675FU,T35
-5365KE,T9
+1726KI,T15
-3153KA,T9
+2322TO,T15
-2422HI,T9
+1915KY,T25
-0056FU,T9
+1413TO,T15
-2221HI,T9
+0024FU,T15
-3344GI,T9
+2423TO,T15
-0028FU,T9
+1322TO,T17
-2151HI,T9
+2324TO,T15
-3445KA,T9
+5756FU,T15
-2829TO,T9
+1511NY,T15
-2928TO,T9
+2635KI,T15
-0057FU,T9
+5869OU,T19
-2838TO,T9
+3545KI,T15
-5262OU,T9
+4959KI,T17
-0048GI,T9
+4554KI,T15
-4859GI,T9
+6859GI,T15
-0077KE,T9
+7877KI,T25
-6577NK,T9
+0063KY,T29
-6271OU,T9
+6361NY,T15
-5161HI,T9
+0068KI,T15
-0058KI,T0
+5958GI,T15
-5758TO,T0
+6958OU,T15
-0057KY,T0
+5857OU,T15
-0065KE,T0
+5758OU,T15
-0048KI,T0
+5869OU,T15
-7768NK,T0
+6968OU,T15
-0077GI,T0
+6879OU,T15
-0078KI,T0
%TORYO
T0
#RESIGN
#LOSE
