LOGIN:tenuki OK
BEGIN Game_Summary
Protocol_Version:1.2
Protocol_Mode:Server
Format:Shogi 1.0
Declaration:Jishogi 1.1
Game_ID:WCSC35+L8_22-900-5F+Nanoha2025+tenuki+20250503174141
Name+:Nanoha2025
Name-:tenuki
Your_Turn:-
Rematch_On_Draw:NO
To_Move:+
Max_Moves:320
BEGIN Time
Time_Unit:1sec
Total_Time:900
Increment:5
END Time
BEGIN Position
P1-KY-KE-GI-KI-OU-KI-GI-KE-KY
P2 * -HI *  *  *  *  * -KA * 
P3-FU-FU-FU-FU-FU-FU-FU-FU-FU
P4 *  *  *  *  *  *  *  *  * 
P5 *  *  *  *  *  *  *  *  * 
P6 *  *  *  *  *  *  *  *  * 
P7+FU+FU+FU+FU+FU+FU+FU+FU+FU
P8 * +KA *  *  *  *  * +HI * 
P9+KY+KE+GI+KI+OU+KI+GI+KE+KY
P+
P-
+
END Position
END Game_Summary
START:WCSC35+L8_22-900-5F+Nanoha2025+tenuki+20250503174141
+7776FU,T0
-3334FU,T0
+2726FU,T0
-8242HI,T0
+5968OU,T0
-4344FU,T0
+3948GI,T0
-7172GI,T0
+6878OU,T0
-9394FU,T15
+9796FU,T0
-4152KI,T0
+4958KI,T0
-2233KA,T15
+2625FU,T35
-5162OU,T15
+5756FU,T0
-3132GI,T16
+8877KA,T0
-3243GI,T25
+4857GI,T0
-6364FU,T39
+7888OU,T0
-7374FU,T15
+6766FU,T0
-4354GI,T18
+9998KY,T17
-8173KE,T15
+8899OU,T20
-9495FU,T15
+9695FU,T32
-6465FU,T15
+5867KI,T24
-7385KE,T35
+7768KA,T19
-4445FU,T15
+7988GI,T30
-4546FU,T15
+4746FU,T21
-6566FU,T18
+5766GI,T7
-0097FU,T15
+8997KE,T24
-8597NK,T15
+9897KY,T7
-0085KE,T20
+9796KY,T18
-5465GI,T28
+6665GI,T19
-8597NK,T15
+0055KE,T1
-9796NK,T15
+9989OU,T16
-6271OU,T20
+0064FU,T15
-0062KY,T19
+6978KI,T42
-9695NK,T15
+6857KA,T28
-0066FU,T20
+6766KI,T55
-9585NK,T30
+6667KI,T47
-8584NK,T16
+8786FU,T0
-4244HI,T16
+8685FU,T158
-8485NK,T15
+0092FU,T22
-0066FU,T20
+5766KA,T20
-6264KY,T22
+6693UM,T12
-7162OU,T15
+6564GI,T7
-4464HI,T15
+0065FU,T4
-9192KY,T17
+9392UM,T3
-6454HI,T15
+0066KY,T16
-0063FU,T15
+0043GI,T0
-0097FU,T16
+8897GI,T41
-0069GI,T15
+7868KI,T14
-5243KI,T15
+5543NK,T5
-0087GI,T30
+0055KY,T15
-8576NK,T15
+5554KY,T18
-7667NK,T15
+5453NY,T12
-6273OU,T15
+4333NK,T5
-0078KI,T15
+8999OU,T21
-6768NK,T17
+0095KA,T13
-8384FU,T15
+0093HI,T2
-0083KI,T15
+9291UM,T2
%TORYO
T0
#RESIGN
#LOSE
