LOGIN:tenuki OK
BEGIN Game_Summary
Protocol_Version:1.2
Protocol_Mode:Server
Format:Shogi 1.0
Declaration:Jishogi 1.1
Game_ID:WCSC35+L4_24-900-5F+tenuki+Nakatomi+20250503134027
Name+:tenuki
Name-:Nakatomi
Your_Turn:+
Rematch_On_Draw:NO
To_Move:+
Max_Moves:320
BEGIN Time
Time_Unit:1sec
Total_Time:900
Increment:5
END Time
BEGIN Position
P1-KY-KE-GI-KI-OU-KI-GI-KE-KY
P2 * -HI *  *  *  *  * -KA * 
P3-FU-FU-FU-FU-FU-FU-FU-FU-FU
P4 *  *  *  *  *  *  *  *  * 
P5 *  *  *  *  *  *  *  *  * 
P6 *  *  *  *  *  *  *  *  * 
P7+FU+FU+FU+FU+FU+FU+FU+FU+FU
P8 * +KA *  *  *  *  * +HI * 
P9+KY+KE+GI+KI+OU+KI+GI+KE+KY
P+
P-
+
END Position
END Game_Summary
START:WCSC35+L4_24-900-5F+tenuki+Nakatomi+20250503134027
+2726FU,T0
-8384FU,T0
+2625FU,T0
-8485FU,T0
+6978KI,T0
-4132KI,T0
+5958OU,T0
-8586FU,T0
+8786FU,T0
-8286HI,T0
+0087FU,T0
-8684HI,T0
+3938GI,T15
-3334FU,T0
+2524FU,T27
-2324FU,T0
+2824HI,T15
-9394FU,T0
+7776FU,T15
-0023FU,T37
+2425HI,T16
-9495FU,T10
+3736FU,T15
-7172GI,T11
+2937KE,T21
-5162OU,T0
+4948KI,T15
-6271OU,T0
+8877KA,T19
-2277UM,T11
+8977KE,T15
-2133KE,T1
+2526HI,T15
-3142GI,T1
+7968GI,T15
-0086FU,T15
+8786FU,T15
-8486HI,T2
+2629HI,T15
-3435FU,T1
+3635FU,T18
-0036FU,T15
+3534FU,T15
-3637TO,T13
+3837GI,T15
-3345KE,T1
+3746GI,T15
-4344FU,T4
+0083FU,T15
-7283GI,T4
+0084FU,T25
-8372GI,T18
+8483TO,T20
-7283GI,T13
+0084FU,T21
-8372GI,T12
+8483TO,T19
-7283GI,T19
+0041KA,T15
-0043KA,T40
+0084FU,T28
-8684HI,T13
+4163UM,T15
-4376KA,T19
+0085FU,T15
-8474HI,T4
+4655GI,T15
-0036KE,T15
+4838KI,T15
-0037FU,T14
+3839KI,T15
-0086FU,T1
+8584FU,T15
-7484HI,T20
+2926HI,T15
-8687TO,T1
+7879KI,T16
-8777TO,T1
+6877GI,T15
-7687UM,T5
+7768GI,T19
-8374GI,T16
+6374UM,T17
-8474HI,T15
+2636HI,T15
-7479RY,T1
+0083KE,T15
-7182OU,T0
+0093GI,T28
-8193KE,T0
+3949KI,T16
-7969RY,T0
+5848OU,T15
-6968RY,T0
+4839OU,T15
-0028KI,T0
%TORYO
T0
#RESIGN
#LOSE
