LOGIN:tenuki OK
BEGIN Game_Summary
Protocol_Version:1.2
Protocol_Mode:Server
Format:Shogi 1.0
Declaration:Jishogi 1.1
Game_ID:WCSC35+L7_24-900-5F+katsudon+tenuki+20250503163034
Name+:katsudon
Name-:tenuki
Your_Turn:-
Rematch_On_Draw:NO
To_Move:+
Max_Moves:320
BEGIN Time
Time_Unit:1sec
Total_Time:900
Increment:5
END Time
BEGIN Position
P1-KY-KE-GI-KI-OU-KI-GI-KE-KY
P2 * -HI *  *  *  *  * -KA * 
P3-FU-FU-FU-FU-FU-FU-FU-FU-FU
P4 *  *  *  *  *  *  *  *  * 
P5 *  *  *  *  *  *  *  *  * 
P6 *  *  *  *  *  *  *  *  * 
P7+FU+FU+FU+FU+FU+FU+FU+FU+FU
P8 * +KA *  *  *  *  * +HI * 
P9+KY+KE+GI+KI+OU+KI+GI+KE+KY
P+
P-
+
END Position
END Game_Summary
START:WCSC35+L7_24-900-5F+katsudon+tenuki+20250503163034
+7776FU,T8
-3334FU,T0
+8822UM,T8
-3122GI,T0
+0045KA,T8
-7162GI,T0
+4534KA,T8
-4132KI,T15
+3456KA,T8
-6364FU,T15
+6978KI,T8
-6263GI,T15
+7988GI,T8
-6354GI,T21
+8877GI,T8
-2233GI,T16
+6766FU,T8
-3344GI,T15
+2868HI,T8
-8384FU,T15
+5948OU,T8
-1314FU,T15
+4838OU,T8
-4445GI,T15
+5667KA,T8
-6152KI,T28
+6848HI,T8
-0024KA,T29
+4858HI,T8
-4344FU,T22
+5756FU,T8
-5142OU,T18
+3948GI,T8
-5443GI,T15
+1918KY,T8
-4233OU,T31
+3828OU,T8
-1415FU,T15
+2819OU,T8
-3322OU,T16
+9796FU,T8
-8262HI,T20
+9695FU,T8
-6465FU,T15
+6665FU,T8
-6265HI,T15
+0066FU,T8
-6561HI,T26
+5655FU,T8
-7374FU,T19
+4939KI,T8
-8173KE,T15
+8786FU,T8
-2133KE,T29
+7675FU,T8
-7475FU,T30
+0074FU,T8
-0065FU,T15
+6665FU,T8
-7365KE,T15
+7766GI,T8
-1516FU,T15
+1716FU,T4
-0017FU,T15
+1817KY,T4
-3325KE,T15
+0062FU,T4
-6162HI,T15
+7473TO,T4
-6261HI,T16
+7372TO,T4
-6164HI,T15
+6675GI,T4
-6557NK,T15
+4857GI,T4
-6467RY,T15
+7867KI,T4
-0036FU,T15
+0049KE,T4
-2517NK,T21
+2917KE,T4
-0034KY,T15
+3938KI,T4
-3637TO,T15
+4937KE,T4
-0049KA,T29
+0059HI,T4
-4958UM,T15
+0014KE,T4
-1114KY,T15
+5958HI,T4
-0069HI,T15
+0039KA,T4
-3437KY,T19
+5888HI,T4
-0078FU,T19
+8878HI,T4
-6967RY,T15
+7898HI,T4
-3738NY,T26
+9838HI,T4
-0035KE,T17
+0033FU,T4
-3233KI,T16
+0029KY,T4
-0037FU,T17
+3837HI,T4
-0036FU,T15
+3738HI,T4
-0037KI,T15
+3848HI,T4
-6769RY,T19
+7584GI,T2
-6939RY,T16
+1918OU,T0
-3527NK,T15
+1819OU,T0
-0028KI,T15
+4828HI,T0
-2728NK,T15
%TORYO
T0
#RESIGN
#WIN
